// Jest Snapshot v1, https://goo.gl/fbAQLP

exports[`\`Request\` method should do request to backend 1`] = `
Object {
  "config": Object {
    "data": undefined,
    "headers": Object {
      "Accept": "application/json, text/plain, */*",
    },
    "maxContentLength": -1,
    "method": "get",
    "timeout": 0,
    "transformRequest": Array [
      [Function],
    ],
    "transformResponse": Array [
      [Function],
    ],
    "url": "/",
    "validateStatus": [Function],
    "xsrfCookieName": "XSRF-TOKEN",
    "xsrfHeaderName": "X-XSRF-TOKEN",
  },
  "data": Object {
    "payload": Object {
      "answer": 42,
    },
    "status": "OK",
  },
  "headers": undefined,
  "status": 200,
}
`;
